// Jest Snapshot v1, https://goo.gl/fbAQLP

exports[`MainPage tests expect to render MainPage 1`] = `ShallowWrapper {}`;
